Archive member included to satisfy reference by file (symbol)

esp-idf/bootloader_support/libbootloader_support.a(bootloader_panic.c.obj)
                              (__assert_func)
esp-idf/main/libmain.a(bootloader_start.c.obj)
                              (call_start_cpu0)
esp-idf/bootloader_support/libbootloader_support.a(bootloader_utility.c.obj)
                              esp-idf/main/libmain.a(bootloader_start.c.obj) (bootloader_utility_load_partition_table)
esp-idf/bootloader_support/libbootloader_support.a(flash_partitions.c.obj)
                              esp-idf/bootloader_support/libbootloader_support.a(bootloader_utility.c.obj) (esp_partition_table_verify)
esp-idf/bootloader_support/libbootloader_support.a(esp_image_format.c.obj)
                              esp-idf/bootloader_support/libbootloader_support.a(bootloader_utility.c.obj) (bootloader_load_image)
esp-idf/bootloader_support/libbootloader_support.a(bootloader_console_loader.c.obj)
                              esp-idf/bootloader_support/libbootloader_support.a(bootloader_utility.c.obj) (bootloader_console_deinit)
esp-idf/bootloader_support/libbootloader_support.a(bootloader_sha.c.obj)
                              esp-idf/bootloader_support/libbootloader_support.a(bootloader_utility.c.obj) (bootloader_sha256_start)
esp-idf/bootloader_support/libbootloader_support.a(bootloader_soc.c.obj)
                              esp-idf/bootloader_support/libbootloader_support.a(bootloader_utility.c.obj) (bootloader_ana_clock_glitch_reset_config)
esp-idf/bootloader_support/libbootloader_support.a(bootloader_esp32c3.c.obj)
                              esp-idf/main/libmain.a(bootloader_start.c.obj) (bootloader_init)
esp-idf/bootloader_support/libbootloader_support.a(bootloader_common_loader.c.obj)
                              esp-idf/bootloader_support/libbootloader_support.a(bootloader_utility.c.obj) (bootloader_common_ota_select_crc)
esp-idf/bootloader_support/libbootloader_support.a(bootloader_clock_init.c.obj)
                              esp-idf/bootloader_support/libbootloader_support.a(bootloader_esp32c3.c.obj) (bootloader_clock_configure)
esp-idf/bootloader_support/libbootloader_support.a(bootloader_mem.c.obj)
                              esp-idf/bootloader_support/libbootloader_support.a(bootloader_esp32c3.c.obj) (bootloader_init_mem)
esp-idf/bootloader_support/libbootloader_support.a(bootloader_random.c.obj)
                              esp-idf/bootloader_support/libbootloader_support.a(esp_image_format.c.obj) (bootloader_fill_random)
esp-idf/bootloader_support/libbootloader_support.a(bootloader_random_esp32c3.c.obj)
                              esp-idf/bootloader_support/libbootloader_support.a(bootloader_utility.c.obj) (bootloader_random_disable)
esp-idf/bootloader_support/libbootloader_support.a(flash_encrypt.c.obj)
                              esp-idf/bootloader_support/libbootloader_support.a(bootloader_utility.c.obj) (esp_flash_encryption_enabled)
esp-idf/bootloader_support/libbootloader_support.a(bootloader_flash.c.obj)
                              esp-idf/bootloader_support/libbootloader_support.a(bootloader_utility.c.obj) (bootloader_mmap_get_free_pages)
esp-idf/bootloader_support/libbootloader_support.a(bootloader_flash_config_esp32c3.c.obj)
                              esp-idf/bootloader_support/libbootloader_support.a(bootloader_esp32c3.c.obj) (bootloader_flash_update_id)
esp-idf/bootloader_support/libbootloader_support.a(bootloader_init.c.obj)
                              esp-idf/bootloader_support/libbootloader_support.a(bootloader_esp32c3.c.obj) (bootloader_clear_bss_section)
esp-idf/bootloader_support/libbootloader_support.a(bootloader_console.c.obj)
                              esp-idf/bootloader_support/libbootloader_support.a(bootloader_esp32c3.c.obj) (bootloader_console_init)
esp-idf/efuse/libefuse.a(esp_efuse_table.c.obj)
                              esp-idf/bootloader_support/libbootloader_support.a(flash_encrypt.c.obj) (ESP_EFUSE_DIS_DIRECT_BOOT)
esp-idf/efuse/libefuse.a(esp_efuse_fields.c.obj)
                              esp-idf/bootloader_support/libbootloader_support.a(flash_encrypt.c.obj) (esp_efuse_enable_rom_secure_download_mode)
esp-idf/efuse/libefuse.a(esp_efuse_api.c.obj)
                              esp-idf/bootloader_support/libbootloader_support.a(flash_encrypt.c.obj) (esp_efuse_read_field_blob)
esp-idf/efuse/libefuse.a(esp_efuse_utility.c.obj)
                              esp-idf/efuse/libefuse.a(esp_efuse_api.c.obj) (esp_efuse_utility_process)
esp-idf/efuse/libefuse.a(esp_efuse_api_key.c.obj)
                              esp-idf/bootloader_support/libbootloader_support.a(flash_encrypt.c.obj) (esp_efuse_get_key_dis_read)
esp-idf/efuse/libefuse.a(esp_efuse_utility.c.obj)
                              esp-idf/efuse/libefuse.a(esp_efuse_utility.c.obj) (esp_efuse_utility_clear_program_registers)
esp-idf/esp_hw_support/libesp_hw_support.a(cpu_region_protect.c.obj)
[...]
Memory Configuration

Name             Origin             Length             Attributes
iram_seg         0x00000000403cc710 0x0000000000002000 xrw
iram_loader_seg  0x00000000403ce710 0x0000000000007000 xrw
dram_seg         0x000000003fcd5710 0x0000000000005000 rw
*default*        0x0000000000000000 0xffffffffffffffff

Linker script and memory map

                0x0000000000000000                IDF_TARGET_ESP32C3 = 0x0
LOAD CMakeFiles/bootloader.elf.dir/project_elf_src_esp32c3.c.obj
LOAD esp-idf/soc/libsoc.a
LOAD esp-idf/micro-ecc/libmicro-ecc.a
LOAD esp-idf/hal/libhal.a
LOAD esp-idf/spi_flash/libspi_flash.a
LOAD esp-idf/esp_app_format/libesp_app_format.a
LOAD esp-idf/bootloader_support/libbootloader_support.a
LOAD esp-idf/efuse/libefuse.a
LOAD esp-idf/esp_system/libesp_system.a
LOAD esp-idf/esp_hw_support/libesp_hw_support.a
LOAD esp-idf/esp_common/libesp_common.a
LOAD esp-idf/esp_rom/libesp_rom.a
LOAD esp-idf/log/liblog.a
LOAD esp-idf/main/libmain.a
LOAD esp-idf/soc/libsoc.a
LOAD esp-idf/micro-ecc/libmicro-ecc.a
LOAD esp-idf/hal/libhal.a
LOAD esp-idf/spi_flash/libspi_flash.a
LOAD esp-idf/esp_app_format/libesp_app_format.a
LOAD esp-idf/bootloader_support/libbootloader_support.a
LOAD esp-idf/efuse/libefuse.a
LOAD esp-idf/esp_system/libesp_system.a
LOAD esp-idf/esp_hw_support/libesp_hw_support.a
LOAD esp-idf/esp_common/libesp_common.a
LOAD esp-idf/esp_rom/libesp_rom.a
LOAD esp-idf/log/liblog.a
LOAD esp-idf/soc/libsoc.a
LOAD esp-idf/micro-ecc/libmicro-ecc.a
LOAD esp-idf/hal/libhal.a
LOAD esp-idf/spi_flash/libspi_flash.a
LOAD esp-idf/esp_app_format/libesp_app_format.a
LOAD esp-idf/bootloader_support/libbootloader_support.a
LOAD esp-idf/efuse/libefuse.a
LOAD esp-idf/esp_system/libesp_system.a
LOAD esp-idf/esp_hw_support/libesp_hw_support.a
LOAD esp-idf/esp_common/libesp_common.a
LOAD esp-idf/esp_rom/libesp_rom.a
LOAD esp-idf/log/liblog.a
LOAD esp-idf/soc/libsoc.a
LOAD esp-idf/micro-ecc/libmicro-ecc.a
LOAD esp-idf/hal/libhal.a
LOAD esp-idf/spi_flash/libspi_flash.a
LOAD esp-idf/esp_app_format/libesp_app_format.a
LOAD esp-idf/bootloader_support/libbootloader_support.a
LOAD esp-idf/efuse/libefuse.a
LOAD esp-idf/esp_system/libesp_system.a
LOAD esp-idf/esp_hw_support/libesp_hw_support.a
LOAD esp-idf/esp_common/libesp_common.a
LOAD esp-idf/esp_rom/libesp_rom.a
LOAD esp-idf/log/liblog.a
LOAD esp-idf/soc/libsoc.a
LOAD esp-idf/micro-ecc/libmicro-ecc.a
LOAD esp-idf/hal/libhal.a
LOAD esp-idf/spi_flash/libspi_flash.a
LOAD esp-idf/esp_app_format/libesp_app_format.a
LOAD esp-idf/bootloader_support/libbootloader_support.a
LOAD esp-idf/efuse/libefuse.a
LOAD esp-idf/esp_system/libesp_system.a
LOAD esp-idf/esp_hw_support/libesp_hw_support.a
LOAD esp-idf/esp_common/libesp_common.a
LOAD esp-idf/esp_rom/libesp_rom.a
LOAD esp-idf/log/liblog.a
LOAD d:/espressif/tools/riscv32-esp-elf/esp-12.2.0_20230208/riscv32-esp-elf/bin/../lib/gcc/riscv32-esp-elf/12.2.0/rv32imc_zicsr_zifencei/ilp32/no-rtti\libgcc.a
LOAD d:/espressif/tools/riscv32-esp-elf/esp-12.2.0_20230208/riscv32-esp-elf/bin/../lib/gcc/riscv32-esp-elf/12.2.0/../../../../riscv32-esp-elf/lib/rv32imc_zicsr_zifencei/ilp32/no-rtti\libc.a
LOAD d:/espressif/tools/riscv32-esp-elf/esp-12.2.0_20230208/riscv32-esp-elf/bin/../lib/gcc/riscv32-esp-elf/12.2.0/../../../../riscv32-esp-elf/lib/rv32imc_zicsr_zifencei/ilp32/no-rtti\libnosys.a
LOAD d:/espressif/tools/riscv32-esp-elf/esp-12.2.0_20230208/riscv32-esp-elf/bin/../lib/gcc/riscv32-esp-elf/12.2.0/../../../../riscv32-esp-elf/lib/rv32imc_zicsr_zifencei/ilp32/no-rtti\libc.a
LOAD d:/espressif/tools/riscv32-esp-elf/esp-12.2.0_20230208/riscv32-esp-elf/bin/../lib/gcc/riscv32-esp-elf/12.2.0/rv32imc_zicsr_zifencei/ilp32/no-rtti\libgcc.a
START GROUP
LOAD d:/espressif/tools/riscv32-esp-elf/esp-12.2.0_20230208/riscv32-esp-elf/bin/../lib/gcc/riscv32-esp-elf/12.2.0/rv32imc_zicsr_zifencei/ilp32/no-rtti\libgcc.a
LOAD d:/espressif/tools/riscv32-esp-elf/esp-12.2.0_20230208/riscv32-esp-elf/bin/../lib/gcc/riscv32-esp-elf/12.2.0/../../../../riscv32-esp-elf/lib/rv32imc_zicsr_zifencei/ilp32/no-rtti\libc.a
LOAD d:/espressif/tools/riscv32-esp-elf/esp-12.2.0_20230208/riscv32-esp-elf/bin/../lib/gcc/riscv32-esp-elf/12.2.0/../../../../riscv32-esp-elf/lib/rv32imc_zicsr_zifencei/ilp32/no-rtti\libnosys.a
END GROUP
                0x0000000040000018                rtc_get_reset_reason = 0x40000018
                0x000000004000001c                analog_super_wdt_reset_happened = 0x4000001c
                0x0000000040000020                jtag_cpu_reset_happened = 0x40000020
                0x0000000040000024                rtc_get_wakeup_cause = 0x40000024
                0x0000000040000028                rtc_boot_control = 0x40000028
                0x000000004000002c                rtc_select_apb_bridge = 0x4000002c
                0x0000000040000030                rtc_unhold_all_pads = 0x40000030
                0x0000000040000034                set_rtc_memory_crc = 0x40000034
                0x0000000040000038                cacl_rtc_memory_crc = 0x40000038
                0x000000004000003c                ets_is_print_boot = 0x4000003c
                0x0000000040000040                ets_printf = 0x40000040
                0x0000000040000044                ets_install_putc1 = 0x40000044
                0x0000000040000048                ets_install_uart_printf = 0x40000048
                0x000000004000004c                ets_install_putc2 = 0x4000004c
                0x0000000040000050                PROVIDE (ets_delay_us = 0x40000050)
                0x0000000040000054                ets_get_stack_info = 0x40000054
                0x0000000040000058                ets_install_lock = 0x40000058
                0x000000004000005c                ets_backup_dma_copy = 0x4000005c
                0x0000000040000060                ets_apb_backup_init_lock_func = 0x40000060
                0x0000000040000064                UartRxString = 0x40000064
                0x0000000040000068                uart_tx_one_char = 0x40000068
                0x000000004000006c                uart_tx_one_char2 = 0x4000006c
                0x0000000040000070                uart_rx_one_char = 0x40000070
                0x0000000040000074                uart_rx_one_char_block = 0x40000074
                0x0000000040000078                uart_rx_readbuff = 0x40000078
                0x000000004000007c                uartAttach = 0x4000007c
                0x0000000040000080                uart_tx_flush = 0x40000080
                0x0000000040000084                uart_tx_wait_idle = 0x40000084
                0x0000000040000088                uart_div_modify = 0x40000088
                0x000000004000008c                multofup = 0x4000008c
                0x0000000040000090                software_reset = 0x40000090
                0x0000000040000094                software_reset_cpu = 0x40000094
                0x0000000040000098                assist_debug_clock_enable = 0x40000098
                0x000000004000009c                assist_debug_record_enable = 0x4000009c
                0x00000000400000a0                clear_super_wdt_reset_flag = 0x400000a0
                0x00000000400000a4                disable_default_watchdog = 0x400000a4
                0x00000000400000a8                send_packet = 0x400000a8
                0x00000000400000ac                recv_packet = 0x400000ac
                0x00000000400000b0                GetUartDevice = 0x400000b0
                0x00000000400000b4                UartDwnLdProc = 0x400000b4
                0x00000000400000b8                Uart_Init = 0x400000b8
                0x00000000400000bc                ets_set_user_start = 0x400000bc
                0x000000003ff1fffc                ets_rom_layout_p = 0x3ff1fffc
                0x000000003fcdfffc                ets_ops_table_ptr = 0x3fcdfffc
                0x00000000400000c0                mz_adler32 = 0x400000c0
                0x00000000400000c4                mz_crc32 = 0x400000c4
                0x00000000400000c8                mz_free = 0x400000c8
                0x00000000400000cc                tdefl_compress = 0x400000cc
                0x00000000400000d0                tdefl_compress_buffer = 0x400000d0
                0x00000000400000d4                tdefl_compress_mem_to_heap = 0x400000d4
                0x00000000400000d8                tdefl_compress_mem_to_mem = 0x400000d8
                0x00000000400000dc                tdefl_compress_mem_to_output = 0x400000dc
                0x00000000400000e0                tdefl_get_adler32 = 0x400000e0
                0x00000000400000e4                tdefl_get_prev_return_status = 0x400000e4
                0x00000000400000e8                tdefl_init = 0x400000e8
                0x00000000400000ec                tdefl_write_image_to_png_file_in_memory = 0x400000ec
                0x00000000400000f0                tdefl_write_image_to_png_file_in_memory_ex = 0x400000f0
                0x00000000400000f4                tinfl_decompress = 0x400000f4
                0x00000000400000f8                tinfl_decompress_mem_to_callback = 0x400000f8
                0x00000000400000fc                tinfl_decompress_mem_to_heap = 0x400000fc
                0x0000000040000100                tinfl_decompress_mem_to_mem = 0x40000100
                [!provide]                        PROVIDE (jd_prepare = 0x40000104)
                [!provide]                        PROVIDE (jd_decomp = 0x40000108)
                0x000000004000010c                PROVIDE (esp_rom_spiflash_wait_idle = 0x4000010c)
                0x0000000040000110                PROVIDE (esp_rom_spiflash_write_encrypted = 0x40000110)
                [!provide]                        PROVIDE (esp_rom_spiflash_write_encrypted_dest = 0x40000114)
                [!provide]                        PROVIDE (esp_rom_spiflash_write_encrypted_enable = 0x40000118)
                [!provide]                        PROVIDE (esp_rom_spiflash_write_encrypted_disable = 0x4000011c)
                [!provide]                        PROVIDE (esp_rom_spiflash_erase_chip = 0x40000120)
                0x0000000040000124                PROVIDE (esp_rom_spiflash_erase_block = 0x40000124)
                0x0000000040000128                PROVIDE (esp_rom_spiflash_erase_sector = 0x40000128)
                0x000000004000012c                PROVIDE (esp_rom_spiflash_write = 0x4000012c)
                0x0000000040000130                PROVIDE (esp_rom_spiflash_read = 0x40000130)
                0x0000000040000134                PROVIDE (esp_rom_spiflash_config_param = 0x40000134)
                [!provide]                        PROVIDE (esp_rom_spiflash_read_user_cmd = 0x40000138)
                [!provide]                        PROVIDE (esp_rom_spiflash_select_qio_pins = 0x4000013c)
                [!provide]                        PROVIDE (esp_rom_spiflash_unlock = 0x40000140)
                [!provide]                        PROVIDE (esp_rom_spi_flash_auto_sus_res = 0x40000144)
                [!provide]                        PROVIDE (esp_rom_spi_flash_send_resume = 0x40000148)
                [!provide]                        PROVIDE (esp_rom_spi_flash_update_id = 0x4000014c)
                0x0000000040000150                PROVIDE (esp_rom_spiflash_config_clk = 0x40000150)
                [!provide]                        PROVIDE (esp_rom_spiflash_config_readmode = 0x40000154)
                [!provide]                        PROVIDE (esp_rom_spiflash_read_status = 0x40000158)
                [!provide]                        PROVIDE (esp_rom_spiflash_read_statushigh = 0x4000015c)
                [!provide]                        PROVIDE (esp_rom_spiflash_write_status = 0x40000160)
                [!provide]                        PROVIDE (esp_rom_spiflash_attach = 0x40000164)
                [!provide]                        PROVIDE (spi_flash_get_chip_size = 0x40000168)
                [!provide]                        PROVIDE (spi_flash_guard_set = 0x4000016c)
                [!provide]                        PROVIDE (spi_flash_guard_get = 0x40000170)
                [!provide]                        PROVIDE (spi_flash_write_config_set = 0x40000174)
                [!provide]                        PROVIDE (spi_flash_write_config_get = 0x40000178)
                [!provide]                        PROVIDE (spi_flash_safe_write_address_func_set = 0x4000017c)
                [!provide]                        PROVIDE (spi_flash_unlock = 0x40000180)
                [!provide]                        PROVIDE (spi_flash_erase_range = 0x40000184)
                [!provide]                        PROVIDE (spi_flash_erase_sector = 0x40000188)
                [!provide]                        PROVIDE (spi_flash_write = 0x4000018c)
                [!provide]                        PROVIDE (spi_flash_read = 0x40000190)
                [!provide]                        PROVIDE (spi_flash_write_encrypted = 0x40000194)
                [!provide]                        PROVIDE (spi_flash_read_encrypted = 0x40000198)
                [!provide]                        PROVIDE (spi_flash_mmap_os_func_set = 0x4000019c)
                [!provide]                        PROVIDE (spi_flash_mmap_page_num_init = 0x400001a0)
                [!provide]                        PROVIDE (spi_flash_mmap = 0x400001a4)
                [!provide]                        PROVIDE (spi_flash_mmap_pages = 0x400001a8)
                [!provide]                        PROVIDE (spi_flash_munmap = 0x400001ac)
                [!provide]                        PROVIDE (spi_flash_mmap_dump = 0x400001b0)
                [!provide]                        PROVIDE (spi_flash_check_and_flush_cache = 0x400001b4)
                [!provide]                        PROVIDE (spi_flash_mmap_get_free_pages = 0x400001b8)
                [!provide]                        PROVIDE (spi_flash_cache2phys = 0x400001bc)
                [!provide]                        PROVIDE (spi_flash_phys2cache = 0x400001c0)
                [!provide]                        PROVIDE (spi_flash_disable_cache = 0x400001c4)
                [!provide]                        PROVIDE (spi_flash_restore_cache = 0x400001c8)
                [!provide]                        PROVIDE (spi_flash_cache_enabled = 0x400001cc)
                [!provide]                        PROVIDE (spi_flash_enable_cache = 0x400001d0)
                [!provide]                        PROVIDE (spi_cache_mode_switch = 0x400001d4)
                [!provide]                        PROVIDE (spi_common_set_dummy_output = 0x400001d8)
                [!provide]                        PROVIDE (spi_common_set_flash_cs_timing = 0x400001dc)
                [!provide]                        PROVIDE (esp_enable_cache_flash_wrap = 0x400001e0)
                [!provide]                        PROVIDE (SPIEraseArea = 0x400001e4)
                [!provide]                        PROVIDE (SPILock = 0x400001e8)
                [!provide]                        PROVIDE (SPIMasterReadModeCnfig = 0x400001ec)
                [!provide]                        PROVIDE (SPI_Common_Command = 0x400001f0)
                [!provide]                        PROVIDE (SPI_WakeUp = 0x400001f4)
                [!provide]                        PROVIDE (SPI_block_erase = 0x400001f8)
                [!provide]                        PROVIDE (SPI_chip_erase = 0x400001fc)
                [!provide]                        PROVIDE (SPI_init = 0x40000200)
                [!provide]                        PROVIDE (SPI_page_program = 0x40000204)
                [!provide]                        PROVIDE (SPI_read_data = 0x40000208)
                [!provide]                        PROVIDE (SPI_sector_erase = 0x4000020c)
                [!provide]                        PROVIDE (SPI_write_enable = 0x40000210)
                [!provide]                        PROVIDE (SelectSpiFunction = 0x40000214)
                [!provide]                        PROVIDE (SetSpiDrvs = 0x40000218)
                [!provide]                        PROVIDE (Wait_SPI_Idle = 0x4000021c)
                [!provide]                        PROVIDE (spi_dummy_len_fix = 0x40000220)
                [!provide]                        PROVIDE (Disable_QMode = 0x40000224)
                [!provide]                        PROVIDE (Enable_QMode = 0x40000228)
                [!provide]                        PROVIDE (rom_spiflash_legacy_funcs = 0x3fcdfff4)
                0x000000003fcdfff0                PROVIDE (rom_spiflash_legacy_data = 0x3fcdfff0)
                [!provide]                        PROVIDE (g_flash_guard_ops = 0x3fcdfff8)
                [!provide]                        PROVIDE (spi_flash_hal_poll_cmd_done = 0x4000022c)
                [!provide]                        PROVIDE (spi_flash_hal_device_config = 0x40000230)
                [!provide]                        PROVIDE (spi_flash_hal_configure_host_io_mode = 0x40000234)
                [!provide]                        PROVIDE (spi_flash_hal_common_command = 0x40000238)
                [!provide]                        PROVIDE (spi_flash_hal_read = 0x4000023c)
                [!provide]                        PROVIDE (spi_flash_hal_erase_chip = 0x40000240)
                [!provide]                        PROVIDE (spi_flash_hal_erase_sector = 0x40000244)
                [!provide]                        PROVIDE (spi_flash_hal_erase_block = 0x40000248)
                [!provide]                        PROVIDE (spi_flash_hal_program_page = 0x4000024c)
                [!provide]                        PROVIDE (spi_flash_hal_set_write_protect = 0x40000250)
                [!provide]                        PROVIDE (spi_flash_hal_host_idle = 0x40000254)
                [!provide]                        PROVIDE (spi_flash_chip_generic_probe = 0x40000258)
                [!provide]                        PROVIDE (spi_flash_chip_generic_detect_size = 0x4000025c)
                [!provide]                        PROVIDE (spi_flash_chip_generic_write = 0x40000260)
                [!provide]                        PROVIDE (spi_flash_chip_generic_write_encrypted = 0x40000264)
                [!provide]                        PROVIDE (spi_flash_chip_generic_set_write_protect = 0x40000268)
                [!provide]                        PROVIDE (spi_flash_common_write_status_16b_wrsr = 0x4000026c)
                [!provide]                        PROVIDE (spi_flash_chip_generic_reset = 0x40000270)
                [!provide]                        PROVIDE (spi_flash_chip_generic_erase_chip = 0x40000274)
                [!provide]                        PROVIDE (spi_flash_chip_generic_erase_sector = 0x40000278)
                [!provide]                        PROVIDE (spi_flash_chip_generic_erase_block = 0x4000027c)
                [!provide]                        PROVIDE (spi_flash_chip_generic_page_program = 0x40000280)
                [!provide]                        PROVIDE (spi_flash_chip_generic_get_write_protect = 0x40000284)
                [!provide]                        PROVIDE (spi_flash_common_read_status_16b_rdsr_rdsr2 = 0x40000288)
                [!provide]                        PROVIDE (spi_flash_chip_generic_read_reg = 0x4000028c)
                [!provide]                        PROVIDE (spi_flash_chip_generic_yield = 0x40000290)
                [!provide]                        PROVIDE (spi_flash_generic_wait_host_idle = 0x40000294)
                [!provide]                        PROVIDE (spi_flash_chip_generic_wait_idle = 0x40000298)
                [!provide]                        PROVIDE (spi_flash_chip_generic_config_host_io_mode = 0x4000029c)
                [!provide]                        PROVIDE (spi_flash_chip_generic_read = 0x400002a0)
                [!provide]                        PROVIDE (spi_flash_common_read_status_8b_rdsr2 = 0x400002a4)
                [!provide]                        PROVIDE (spi_flash_chip_generic_get_io_mode = 0x400002a8)
                [!provide]                        PROVIDE (spi_flash_common_read_status_8b_rdsr = 0x400002ac)
                [!provide]                        PROVIDE (spi_flash_common_write_status_8b_wrsr = 0x400002b0)
                [!provide]                        PROVIDE (spi_flash_common_write_status_8b_wrsr2 = 0x400002b4)
                [!provide]                        PROVIDE (spi_flash_common_set_io_mode = 0x400002b8)
                [!provide]                        PROVIDE (spi_flash_chip_generic_set_io_mode = 0x400002bc)
                [!provide]                        PROVIDE (spi_flash_chip_gd_get_io_mode = 0x400002c0)
                [!provide]                        PROVIDE (spi_flash_chip_gd_probe = 0x400002c4)
                [!provide]                        PROVIDE (spi_flash_chip_gd_set_io_mode = 0x400002c8)
                [!provide]                        PROVIDE (spi_flash_chip_generic_config_data = 0x3fcdffec)
                [!provide]                        PROVIDE (memspi_host_read_id_hs = 0x400002cc)
                [!provide]                        PROVIDE (memspi_host_read_status_hs = 0x400002d0)
                [!provide]                        PROVIDE (memspi_host_flush_cache = 0x400002d4)
                [!provide]                        PROVIDE (memspi_host_erase_chip = 0x400002d8)
                [!provide]                        PROVIDE (memspi_host_erase_sector = 0x400002dc)
                [!provide]                        PROVIDE (memspi_host_erase_block = 0x400002e0)
                [!provide]                        PROVIDE (memspi_host_program_page = 0x400002e4)
                [!provide]                        PROVIDE (memspi_host_read = 0x400002e8)
                [!provide]                        PROVIDE (memspi_host_set_write_protect = 0x400002ec)
                [!provide]                        PROVIDE (memspi_host_set_max_read_len = 0x400002f0)
                [!provide]                        PROVIDE (memspi_host_read_data_slicer = 0x400002f4)
                [!provide]                        PROVIDE (memspi_host_write_data_slicer = 0x400002f8)
                [!provide]                        PROVIDE (esp_flash_chip_driver_initialized = 0x400002fc)
                [!provide]                        PROVIDE (esp_flash_read_id = 0x40000300)
                [!provide]                        PROVIDE (esp_flash_get_size = 0x40000304)
                [!provide]                        PROVIDE (esp_flash_erase_chip = 0x40000308)
                [!provide]                        PROVIDE (rom_esp_flash_erase_region = 0x4000030c)
                [!provide]                        PROVIDE (esp_flash_get_chip_write_protect = 0x40000310)
                [!provide]                        PROVIDE (esp_flash_set_chip_write_protect = 0x40000314)
                [!provide]                        PROVIDE (esp_flash_get_protectable_regions = 0x40000318)
                [!provide]                        PROVIDE (esp_flash_get_protected_region = 0x4000031c)
                [!provide]                        PROVIDE (esp_flash_set_protected_region = 0x40000320)
                [!provide]                        PROVIDE (esp_flash_read = 0x40000324)
                [!provide]                        PROVIDE (esp_flash_write = 0x40000328)
                [!provide]                        PROVIDE (esp_flash_write_encrypted = 0x4000032c)
                [!provide]                        PROVIDE (esp_flash_read_encrypted = 0x40000330)
                [!provide]                        PROVIDE (esp_flash_get_io_mode = 0x40000334)
                [!provide]                        PROVIDE (esp_flash_set_io_mode = 0x40000338)
                [!provide]                        PROVIDE (spi_flash_boot_attach = 0x4000033c)
                [!provide]                        PROVIDE (spi_flash_dump_counters = 0x40000340)
                [!provide]                        PROVIDE (spi_flash_get_counters = 0x40000344)
                [!provide]                        PROVIDE (spi_flash_op_counters_config = 0x40000348)
                [!provide]                        PROVIDE (spi_flash_reset_counters = 0x4000034c)
                [!provide]                        PROVIDE (esp_flash_default_chip = 0x3fcdffe8)
                [!provide]                        PROVIDE (esp_flash_api_funcs = 0x3fcdffe4)
                0x00000000400004b0                PROVIDE (Cache_Get_ICache_Line_Size = 0x400004b0)
                [!provide]                        PROVIDE (Cache_Get_Mode = 0x400004b4)
                [!provide]                        PROVIDE (Cache_Address_Through_IBus = 0x400004b8)
                [!provide]                        PROVIDE (Cache_Address_Through_DBus = 0x400004bc)
                [!provide]                        PROVIDE (Cache_Set_Default_Mode = 0x400004c0)
                [!provide]                        PROVIDE (Cache_Enable_Defalut_ICache_Mode = 0x400004c4)
                0x00000000400004c8                PROVIDE (ROM_Boot_Cache_Init = 0x400004c8)
                [!provide]                        PROVIDE (Cache_Invalidate_ICache_Items = 0x400004cc)
                [!provide]                        PROVIDE (Cache_Op_Addr = 0x400004d0)
                0x00000000400004d4                PROVIDE (Cache_Invalidate_Addr = 0x400004d4)
                [!provide]                        PROVIDE (Cache_Invalidate_ICache_All = 0x400004d8)
                [!provide]                        PROVIDE (Cache_Mask_All = 0x400004dc)
                [!provide]                        PROVIDE (Cache_UnMask_Dram0 = 0x400004e0)
                [!provide]                        PROVIDE (Cache_Suspend_ICache_Autoload = 0x400004e4)
                [!provide]                        PROVIDE (Cache_Resume_ICache_Autoload = 0x400004e8)
                [!provide]                        PROVIDE (Cache_Start_ICache_Preload = 0x400004ec)
                [!provide]                        PROVIDE (Cache_ICache_Preload_Done = 0x400004f0)
                [!provide]                        PROVIDE (Cache_End_ICache_Preload = 0x400004f4)
                [!provide]                        PROVIDE (Cache_Config_ICache_Autoload = 0x400004f8)
                [!provide]                        PROVIDE (Cache_Enable_ICache_Autoload = 0x400004fc)
                [!provide]                        PROVIDE (Cache_Disable_ICache_Autoload = 0x40000500)
                [!provide]                        PROVIDE (Cache_Enable_ICache_PreLock = 0x40000504)
                [!provide]                        PROVIDE (Cache_Disable_ICache_PreLock = 0x40000508)
                [!provide]                        PROVIDE (Cache_Lock_ICache_Items = 0x4000050c)
                [!provide]                        PROVIDE (Cache_Unlock_ICache_Items = 0x40000510)
                [!provide]                        PROVIDE (Cache_Lock_Addr = 0x40000514)
                [!provide]                        PROVIDE (Cache_Unlock_Addr = 0x40000518)
                0x000000004000051c                PROVIDE (Cache_Disable_ICache = 0x4000051c)
                0x0000000040000520                PROVIDE (Cache_Enable_ICache = 0x40000520)
                0x0000000040000524                PROVIDE (Cache_Suspend_ICache = 0x40000524)
                0x0000000040000528                PROVIDE (Cache_Resume_ICache = 0x40000528)
                [!provide]                        PROVIDE (Cache_Freeze_ICache_Enable = 0x4000052c)
                [!provide]                        PROVIDE (Cache_Freeze_ICache_Disable = 0x40000530)
                [!provide]                        PROVIDE (Cache_Pms_Lock = 0x40000534)
                [!provide]                        PROVIDE (Cache_Ibus_Pms_Set_Addr = 0x40000538)
                [!provide]                        PROVIDE (Cache_Ibus_Pms_Set_Attr = 0x4000053c)
                [!provide]                        PROVIDE (Cache_Dbus_Pms_Set_Addr = 0x40000540)
                [!provide]                        PROVIDE (Cache_Dbus_Pms_Set_Attr = 0x40000544)
                [!provide]                        PROVIDE (Cache_Set_IDROM_MMU_Size = 0x40000548)
                [!provide]                        PROVIDE (Cache_Get_IROM_MMU_End = 0x4000054c)
                [!provide]                        PROVIDE (Cache_Get_DROM_MMU_End = 0x40000550)
                [!provide]                        PROVIDE (Cache_Owner_Init = 0x40000554)
                [!provide]                        PROVIDE (Cache_Occupy_ICache_MEMORY = 0x40000558)
                [!provide]                        PROVIDE (Cache_MMU_Init = 0x4000055c)
                [!provide]                        PROVIDE (Cache_Ibus_MMU_Set = 0x40000560)
                [!provide]                        PROVIDE (Cache_Dbus_MMU_Set = 0x40000564)
                [!provide]                        PROVIDE (Cache_Count_Flash_Pages = 0x40000568)
                [!provide]                        PROVIDE (Cache_Travel_Tag_Memory = 0x4000056c)
                [!provide]                        PROVIDE (Cache_Get_Virtual_Addr = 0x40000570)
                [!provide]                        PROVIDE (Cache_Get_Memory_BaseAddr = 0x40000574)
                [!provide]                        PROVIDE (Cache_Get_Memory_Addr = 0x40000578)
                [!provide]                        PROVIDE (Cache_Get_Memory_value = 0x4000057c)
                [!provide]                        PROVIDE (rom_cache_op_cb = 0x3fcdffd8)
                [!provide]                        PROVIDE (rom_cache_internal_table_ptr = 0x3fcdffd4)
                0x0000000040000580                ets_get_apb_freq = 0x40000580
                0x0000000040000584                ets_get_cpu_frequency = 0x40000584
                0x0000000040000588                ets_update_cpu_frequency = 0x40000588
                0x000000004000058c                ets_get_printf_channel = 0x4000058c
                0x0000000040000590                ets_get_xtal_div = 0x40000590
                0x0000000040000594                ets_set_xtal_div = 0x40000594
                0x0000000040000598                ets_get_xtal_freq = 0x40000598
                0x000000004000059c                gpio_input_get = 0x4000059c
                0x00000000400005a0                gpio_matrix_in = 0x400005a0
                0x00000000400005a4                gpio_matrix_out = 0x400005a4
                0x00000000400005a8                gpio_output_disable = 0x400005a8
                0x00000000400005ac                gpio_output_enable = 0x400005ac
                0x00000000400005b0                gpio_output_set = 0x400005b0
                0x00000000400005b4                gpio_pad_hold = 0x400005b4
                0x00000000400005b8                gpio_pad_input_disable = 0x400005b8
                0x00000000400005bc                gpio_pad_input_enable = 0x400005bc
                0x00000000400005c0                gpio_pad_pulldown = 0x400005c0
                0x00000000400005c4                gpio_pad_pullup = 0x400005c4
                0x00000000400005c8                gpio_pad_select_gpio = 0x400005c8
                0x00000000400005cc                gpio_pad_set_drv = 0x400005cc
                0x00000000400005d0                gpio_pad_unhold = 0x400005d0
                0x00000000400005d4                gpio_pin_wakeup_disable = 0x400005d4
                0x00000000400005d8                gpio_pin_wakeup_enable = 0x400005d8
                0x00000000400005dc                gpio_bypass_matrix_in = 0x400005dc
                0x00000000400005e0                esprv_intc_int_set_priority = 0x400005e0
                0x00000000400005e4                esprv_intc_int_set_threshold = 0x400005e4
                0x00000000400005e8                esprv_intc_int_enable = 0x400005e8
                0x00000000400005ec                esprv_intc_int_disable = 0x400005ec
                0x00000000400005f0                esprv_intc_int_set_type = 0x400005f0
                0x00000000400005f4                intr_matrix_set = 0x400005f4
                0x00000000400005f8                ets_intr_lock = 0x400005f8
                0x00000000400005fc                ets_intr_unlock = 0x400005fc
                [!provide]                        PROVIDE (intr_handler_set = 0x40000600)
                0x0000000040000604                ets_isr_attach = 0x40000604
                0x0000000040000608                ets_isr_mask = 0x40000608
                0x000000004000060c                ets_isr_unmask = 0x4000060c
                0x0000000040000610                md5_vector = 0x40000610
                0x0000000040000614                MD5Init = 0x40000614
                0x0000000040000618                MD5Update = 0x40000618
                0x000000004000061c                MD5Final = 0x4000061c
                0x0000000040000620                hmac_md5_vector = 0x40000620
                0x0000000040000624                hmac_md5 = 0x40000624
                0x0000000040000628                crc32_le = 0x40000628
                0x000000004000062c                crc32_be = 0x4000062c
                0x0000000040000630                crc16_le = 0x40000630
                0x0000000040000634                crc16_be = 0x40000634
                0x0000000040000638                crc8_le = 0x40000638
                0x000000004000063c                crc8_be = 0x4000063c
                0x0000000040000640                esp_crc8 = 0x40000640
                0x0000000040000644                ets_sha_enable = 0x40000644
                0x0000000040000648                ets_sha_disable = 0x40000648
                0x000000004000064c                ets_sha_get_state = 0x4000064c
                0x0000000040000650                ets_sha_init = 0x40000650
                0x0000000040000654                ets_sha_process = 0x40000654
                0x0000000040000658                ets_sha_starts = 0x40000658
                0x000000004000065c                ets_sha_update = 0x4000065c
                0x0000000040000660                ets_sha_finish = 0x40000660
                0x0000000040000664                ets_sha_clone = 0x40000664
                0x0000000040000668                ets_hmac_enable = 0x40000668
                0x000000004000066c                ets_hmac_disable = 0x4000066c
                0x0000000040000670                ets_hmac_calculate_message = 0x40000670
                0x0000000040000674                ets_hmac_calculate_downstream = 0x40000674
                0x0000000040000678                ets_hmac_invalidate_downstream = 0x40000678
                0x000000004000067c                ets_jtag_enable_temporarily = 0x4000067c
                0x0000000040000680                ets_aes_enable = 0x40000680
                0x0000000040000684                ets_aes_disable = 0x40000684
                0x0000000040000688                ets_aes_setkey = 0x40000688
                0x000000004000068c                ets_aes_block = 0x4000068c
                0x0000000040000690                ets_bigint_enable = 0x40000690
                0x0000000040000694                ets_bigint_disable = 0x40000694
                0x0000000040000698                ets_bigint_multiply = 0x40000698
                0x000000004000069c                ets_bigint_modmult = 0x4000069c
                0x00000000400006a0                ets_bigint_modexp = 0x400006a0
                0x00000000400006a4                ets_bigint_wait_finish = 0x400006a4
                0x00000000400006a8                ets_bigint_getz = 0x400006a8
                0x00000000400006ac                ets_ds_enable = 0x400006ac
                0x00000000400006b0                ets_ds_disable = 0x400006b0
                0x00000000400006b4                ets_ds_start_sign = 0x400006b4
                0x00000000400006b8                ets_ds_is_busy = 0x400006b8
                0x00000000400006bc                ets_ds_finish_sign = 0x400006bc
                0x00000000400006c0                ets_ds_encrypt_params = 0x400006c0
                0x00000000400006c4                ets_aes_setkey_dec = 0x400006c4
                0x00000000400006c8                ets_aes_setkey_enc = 0x400006c8
                0x00000000400006cc                ets_mgf1_sha256 = 0x400006cc
                0x00000000400006d0                ets_efuse_read = 0x400006d0
                0x00000000400006d4                ets_efuse_program = 0x400006d4
                0x00000000400006d8                ets_efuse_clear_program_registers = 0x400006d8
                0x00000000400006dc                ets_efuse_write_key = 0x400006dc
                0x00000000400006e0                ets_efuse_get_read_register_address = 0x400006e0
                0x00000000400006e4                ets_efuse_get_key_purpose = 0x400006e4
                0x00000000400006e8                ets_efuse_key_block_unused = 0x400006e8
                0x00000000400006ec                ets_efuse_find_unused_key_block = 0x400006ec
                0x00000000400006f0                ets_efuse_rs_calculate = 0x400006f0
                0x00000000400006f4                ets_efuse_count_unused_key_blocks = 0x400006f4
                0x00000000400006f8                ets_efuse_secure_boot_enabled = 0x400006f8
                0x00000000400006fc                ets_efuse_secure_boot_aggressive_revoke_enabled = 0x400006fc
                0x0000000040000700                ets_efuse_cache_encryption_enabled = 0x40000700
                0x0000000040000704                ets_efuse_download_modes_disabled = 0x40000704
                0x0000000040000708                ets_efuse_find_purpose = 0x40000708
                0x000000004000070c                ets_efuse_flash_opi_5pads_power_sel_vddspi = 0x4000070c
                0x0000000040000710                ets_efuse_force_send_resume = 0x40000710
                0x0000000040000714                ets_efuse_get_flash_delay_us = 0x40000714
                0x0000000040000718                ets_efuse_get_mac = 0x40000718
                0x000000004000071c                ets_efuse_get_spiconfig = 0x4000071c
                0x0000000040000720                ets_efuse_usb_print_is_disabled = 0x40000720
                0x0000000040000724                ets_efuse_usb_serial_jtag_print_is_disabled = 0x40000724
                0x0000000040000728                ets_efuse_get_uart_print_control = 0x40000728
                0x000000004000072c                ets_efuse_get_wp_pad = 0x4000072c
                0x0000000040000730                ets_efuse_legacy_spi_boot_mode_disabled = 0x40000730
                0x0000000040000734                ets_efuse_security_download_modes_enabled = 0x40000734
                0x0000000040000738                ets_efuse_set_timing = 0x40000738
                0x000000004000073c                ets_efuse_jtag_disabled = 0x4000073c
                0x0000000040000740                ets_efuse_usb_download_mode_disabled = 0x40000740
                0x0000000040000744                ets_efuse_usb_module_disabled = 0x40000744
                0x0000000040000748                ets_efuse_usb_device_disabled = 0x40000748
                0x000000004000074c                ets_emsa_pss_verify = 0x4000074c
                0x0000000040000750                ets_rsa_pss_verify = 0x40000750
                0x0000000040000754                ets_secure_boot_verify_bootloader_with_keys = 0x40000754
                0x0000000040000758                ets_secure_boot_verify_signature = 0x40000758
                0x000000004000075c                ets_secure_boot_read_key_digests = 0x4000075c
                0x0000000040000760                ets_secure_boot_revoke_public_key_digest = 0x40000760
                [!provide]                        PROVIDE (usb_uart_rx_one_char = 0x400008cc)
                [!provide]                        PROVIDE (usb_uart_rx_one_char_block = 0x400008d0)
                [!provide]                        PROVIDE (usb_uart_tx_flush = 0x400008d4)
                [!provide]                        PROVIDE (usb_uart_tx_one_char = 0x400008d8)
                0x000000003fcdffd1                PROVIDE (g_uart_print = 0x3fcdffd1)
                0x000000003fcdffd0                PROVIDE (g_usb_print = 0x3fcdffd0)
                0x00000000400008dc                bt_rf_coex_get_dft_cfg = 0x400008dc
                0x00000000400008e0                bt_rf_coex_hooks_p_set = 0x400008e0
                0x00000000400008e4                btdm_con_maxevtime_cal_impl = 0x400008e4
                0x00000000400008e8                btdm_controller_get_compile_version_impl = 0x400008e8
                0x00000000400008ec                btdm_controller_rom_data_init = 0x400008ec
                0x00000000400008f0                btdm_dis_privacy_err_report_impl = 0x400008f0
                0x00000000400008f4                btdm_disable_adv_delay_impl = 0x400008f4
                0x00000000400008f8                btdm_enable_scan_continue_impl = 0x400008f8
                0x00000000400008fc                btdm_enable_scan_forever_impl = 0x400008fc
                0x0000000040000900                btdm_get_power_state_impl = 0x40000900
                0x0000000040000904                btdm_get_prevent_sleep_flag_impl = 0x40000904
                0x0000000040000908                btdm_power_state_active_impl = 0x40000908
                0x000000004000090c                btdm_switch_phy_coded_impl = 0x4000090c
                0x0000000040000910                hci_acl_data_handler = 0x40000910
                0x0000000040000914                hci_disconnect_cmd_handler = 0x40000914
                0x0000000040000918                hci_le_con_upd_cmd_handler = 0x40000918
                0x000000004000091c                hci_le_ltk_req_neg_reply_cmd_handler = 0x4000091c
                0x0000000040000920                hci_le_ltk_req_reply_cmd_handler = 0x40000920
                0x0000000040000924                hci_le_rd_chnl_map_cmd_handler = 0x40000924
                0x0000000040000928                hci_le_rd_phy_cmd_handler = 0x40000928
                0x000000004000092c                hci_le_rd_rem_feats_cmd_handler = 0x4000092c
                0x0000000040000930                hci_le_rem_con_param_req_neg_reply_cmd_handler = 0x40000930
                0x0000000040000934                hci_le_rem_con_param_req_reply_cmd_handler = 0x40000934
                0x0000000040000938                hci_le_set_data_len_cmd_handler = 0x40000938
                0x000000004000093c                hci_le_set_phy_cmd_handler = 0x4000093c
                0x0000000040000940                hci_le_start_enc_cmd_handler = 0x40000940
                0x0000000040000944                hci_rd_auth_payl_to_cmd_handler = 0x40000944
                0x0000000040000948                hci_rd_rem_ver_info_cmd_handler = 0x40000948
                0x000000004000094c                hci_rd_rssi_cmd_handler = 0x4000094c
                0x0000000040000950                hci_rd_tx_pwr_lvl_cmd_handler = 0x40000950
                0x0000000040000954                hci_vs_set_pref_slave_evt_dur_cmd_handler = 0x40000954
                0x0000000040000958                hci_vs_set_pref_slave_latency_cmd_handler = 0x40000958
                0x000000004000095c                hci_wr_auth_payl_to_cmd_handler = 0x4000095c
                0x0000000040000960                ll_channel_map_ind_handler = 0x40000960
                0x0000000040000964                ll_connection_param_req_handler = 0x40000964
                0x0000000040000968                ll_connection_param_rsp_handler = 0x40000968
                0x000000004000096c                ll_connection_update_ind_handler = 0x4000096c
                0x0000000040000970                ll_enc_req_handler = 0x40000970
                0x0000000040000974                ll_enc_rsp_handler = 0x40000974
                0x0000000040000978                ll_feature_req_handler = 0x40000978
                0x000000004000097c                ll_feature_rsp_handler = 0x4000097c
                0x0000000040000980                ll_length_req_handler = 0x40000980
                0x0000000040000984                ll_length_rsp_handler = 0x40000984
                0x0000000040000988                ll_min_used_channels_ind_handler = 0x40000988
                0x000000004000098c                ll_pause_enc_req_handler = 0x4000098c
                0x0000000040000990                ll_pause_enc_rsp_handler = 0x40000990
                0x0000000040000994                ll_phy_req_handler = 0x40000994
                0x0000000040000998                ll_phy_rsp_handler = 0x40000998
                0x000000004000099c                ll_phy_update_ind_handler = 0x4000099c
                0x00000000400009a0                ll_ping_req_handler = 0x400009a0
                0x00000000400009a4                ll_ping_rsp_handler = 0x400009a4
                0x00000000400009a8                ll_slave_feature_req_handler = 0x400009a8
                0x00000000400009ac                ll_start_enc_req_handler = 0x400009ac
                0x00000000400009b0                ll_start_enc_rsp_handler = 0x400009b0
                0x00000000400009b4                ll_terminate_ind_handler = 0x400009b4
                0x00000000400009b8                ll_version_ind_handler = 0x400009b8
                0x00000000400009bc                llc_auth_payl_nearly_to_handler = 0x400009bc
                0x00000000400009c0                llc_auth_payl_real_to_handler = 0x400009c0
                0x00000000400009c4                llc_encrypt_ind_handler = 0x400009c4
                0x00000000400009c8                llc_hci_command_handler_wrapper = 0x400009c8
                0x00000000400009cc                llc_ll_connection_param_req_pdu_send = 0x400009cc
                0x00000000400009d0                llc_ll_connection_param_rsp_pdu_send = 0x400009d0
                0x00000000400009d4                llc_ll_connection_update_ind_pdu_send = 0x400009d4
                0x00000000400009d8                llc_ll_enc_req_pdu_send = 0x400009d8
                0x00000000400009dc                llc_ll_enc_rsp_pdu_send = 0x400009dc
                0x00000000400009e0                llc_ll_feature_req_pdu_send = 0x400009e0
                0x00000000400009e4                llc_ll_feature_rsp_pdu_send = 0x400009e4
                0x00000000400009e8                llc_ll_length_req_pdu_send = 0x400009e8
                0x00000000400009ec                llc_ll_length_rsp_pdu_send = 0x400009ec
                0x00000000400009f0                llc_ll_pause_enc_req_pdu_send = 0x400009f0
                0x00000000400009f4                llc_ll_pause_enc_rsp_pdu_send = 0x400009f4
                0x00000000400009f8                llc_ll_phy_req_pdu_send = 0x400009f8
                0x00000000400009fc                llc_ll_phy_rsp_pdu_send = 0x400009fc
                0x0000000040000a00                llc_ll_ping_req_pdu_send = 0x40000a00
                0x0000000040000a04                llc_ll_ping_rsp_pdu_send = 0x40000a04
                0x0000000040000a08                llc_ll_start_enc_req_pdu_send = 0x40000a08
                0x0000000040000a0c                llc_ll_start_enc_rsp_pdu_send = 0x40000a0c
                0x0000000040000a10                llc_ll_terminate_ind_pdu_send = 0x40000a10
                0x0000000040000a14                llc_ll_unknown_rsp_pdu_send = 0x40000a14
                0x0000000040000a18                llc_llcp_ch_map_update_ind_pdu_send = 0x40000a18
                0x0000000040000a1c                llc_llcp_phy_upd_ind_pdu_send = 0x40000a1c
                0x0000000040000a20                llc_llcp_version_ind_pdu_send = 0x40000a20
                0x0000000040000a24                llc_op_ch_map_upd_ind_handler = 0x40000a24
                0x0000000040000a28                llc_op_con_upd_ind_handler = 0x40000a28
                0x0000000040000a2c                llc_op_disconnect_ind_handler = 0x40000a2c
                0x0000000040000a30                llc_op_dl_upd_ind_handler = 0x40000a30
                0x0000000040000a34                llc_op_encrypt_ind_handler = 0x40000a34
                0x0000000040000a38                llc_op_feats_exch_ind_handler = 0x40000a38
                0x0000000040000a3c                llc_op_le_ping_ind_handler = 0x40000a3c
                0x0000000040000a40                llc_op_phy_upd_ind_handler = 0x40000a40
                0x0000000040000a44                llc_op_ver_exch_ind_handler = 0x40000a44
                0x0000000040000a48                llc_stopped_ind_handler = 0x40000a48
                0x0000000040000a4c                lld_acl_rx_ind_handler = 0x40000a4c
                0x0000000040000a50                lld_acl_tx_cfm_handler = 0x40000a50
                0x0000000040000a54                lld_adv_end_ind_handler = 0x40000a54
                0x0000000040000a58                lld_adv_rep_ind_handler = 0x40000a58
                0x0000000040000a5c                lld_ch_map_upd_cfm_handler = 0x40000a5c
                0x0000000040000a60                lld_con_estab_ind_handler = 0x40000a60
                0x0000000040000a64                lld_con_evt_sd_evt_time_set = 0x40000a64
                0x0000000040000a68                lld_con_offset_upd_ind_handler = 0x40000a68
                0x0000000040000a6c                lld_con_param_upd_cfm_handler = 0x40000a6c
                0x0000000040000a70                lld_disc_ind_handler = 0x40000a70
                0x0000000040000a74                lld_init_end_ind_handler = 0x40000a74
                0x0000000040000a78                lld_llcp_rx_ind_handler_wrapper = 0x40000a78
                0x0000000040000a7c                lld_llcp_tx_cfm_handler = 0x40000a7c
                0x0000000040000a80                lld_per_adv_end_ind_handler = 0x40000a80
                0x0000000040000a84                lld_per_adv_rep_ind_handler = 0x40000a84
                0x0000000040000a88                lld_per_adv_rx_end_ind_handler = 0x40000a88
                0x0000000040000a8c                lld_phy_coded_500k_get = 0x40000a8c
                0x0000000040000a90                lld_phy_upd_cfm_handler = 0x40000a90
                0x0000000040000a94                lld_scan_end_ind_handler = 0x40000a94
                0x0000000040000a98                lld_scan_req_ind_handler = 0x40000a98
                0x0000000040000a9c                lld_sync_start_req_handler = 0x40000a9c
                0x0000000040000aa0                lld_test_end_ind_handler = 0x40000aa0
                0x0000000040000aa4                lld_update_rxbuf_handler = 0x40000aa4
                0x0000000040000aa8                llm_ch_map_update_ind_handler = 0x40000aa8
                0x0000000040000aac                llm_hci_command_handler_wrapper = 0x40000aac
                0x0000000040000ab0                llm_scan_period_to_handler = 0x40000ab0
                0x0000000040000ab4                r_Add2SelfBigHex256 = 0x40000ab4
                0x0000000040000ab8                r_AddBigHex256 = 0x40000ab8
                0x0000000040000abc                r_AddBigHexModP256 = 0x40000abc
                0x0000000040000ac0                r_AddP256 = 0x40000ac0
                0x0000000040000ac4                r_AddPdiv2_256 = 0x40000ac4
                0x0000000040000ac8                r_GF_Jacobian_Point_Addition256 = 0x40000ac8
                0x0000000040000acc                r_GF_Jacobian_Point_Double256 = 0x40000acc
                0x0000000040000ad0                r_GF_Point_Jacobian_To_Affine256 = 0x40000ad0
                0x0000000040000ad4                r_MultiplyBigHexByUint32_256 = 0x40000ad4
                0x0000000040000ad8                r_MultiplyBigHexModP256 = 0x40000ad8
                0x0000000040000adc                r_MultiplyByU16ModP256 = 0x40000adc
                0x0000000040000ae0                r_SubtractBigHex256 = 0x40000ae0
                0x0000000040000ae4                r_SubtractBigHexMod256 = 0x40000ae4
                0x0000000040000ae8                r_SubtractBigHexUint32_256 = 0x40000ae8
                0x0000000040000aec                r_SubtractFromSelfBigHex256 = 0x40000aec
                0x0000000040000af0                r_SubtractFromSelfBigHexSign256 = 0x40000af0
                0x0000000040000af4                r_aes_alloc = 0x40000af4
                0x0000000040000af8                r_aes_ccm_continue = 0x40000af8
                0x0000000040000afc                r_aes_ccm_process_e = 0x40000afc
                0x0000000040000b00                r_aes_ccm_xor_128_lsb = 0x40000b00
                0x0000000040000b04                r_aes_ccm_xor_128_msb = 0x40000b04
                0x0000000040000b08                r_aes_cmac_continue = 0x40000b08
                0x0000000040000b0c                r_aes_cmac_start = 0x40000b0c
                0x0000000040000b10                r_aes_k1_continue = 0x40000b10
                0x0000000040000b14                r_aes_k2_continue = 0x40000b14
                0x0000000040000b18                r_aes_k3_continue = 0x40000b18
                0x0000000040000b1c                r_aes_k4_continue = 0x40000b1c
                0x0000000040000b20                r_aes_shift_left_128 = 0x40000b20
                0x0000000040000b24                r_aes_start = 0x40000b24
                0x0000000040000b28                r_aes_xor_128 = 0x40000b28
                0x0000000040000b2c                r_assert_err = 0x40000b2c
                0x0000000040000b30                r_assert_param = 0x40000b30
                0x0000000040000b34                r_assert_warn = 0x40000b34
                0x0000000040000b38                r_bigHexInversion256 = 0x40000b38
                0x0000000040000b3c                r_ble_sw_cca_check_isr = 0x40000b3c
                0x0000000040000b40                r_ble_util_buf_acl_tx_alloc = 0x40000b40
                0x0000000040000b44                r_ble_util_buf_acl_tx_elt_get = 0x40000b44
                0x0000000040000b48                r_ble_util_buf_acl_tx_free = 0x40000b48
                0x0000000040000b4c                r_ble_util_buf_acl_tx_free_in_isr = 0x40000b4c
                0x0000000040000b50                r_ble_util_buf_adv_tx_alloc = 0x40000b50
                0x0000000040000b54                r_ble_util_buf_adv_tx_free = 0x40000b54
                0x0000000040000b58                r_ble_util_buf_adv_tx_free_in_isr = 0x40000b58
                0x0000000040000b5c                r_ble_util_buf_env_deinit = 0x40000b5c
                0x0000000040000b60                r_ble_util_buf_env_init = 0x40000b60
                0x0000000040000b64                r_ble_util_buf_get_rx_buf_nb = 0x40000b64
                0x0000000040000b68                r_ble_util_buf_get_rx_buf_size = 0x40000b68
                0x0000000040000b6c                r_ble_util_buf_llcp_tx_alloc = 0x40000b6c
                0x0000000040000b70                r_ble_util_buf_llcp_tx_free = 0x40000b70
                0x0000000040000b74                r_ble_util_buf_rx_alloc = 0x40000b74
                0x0000000040000b78                r_ble_util_buf_rx_alloc_in_isr = 0x40000b78
                0x0000000040000b7c                r_ble_util_buf_rx_free = 0x40000b7c
                0x0000000040000b80                r_ble_util_buf_rx_free_in_isr = 0x40000b80
                0x0000000040000b84                r_ble_util_buf_set_rx_buf_nb = 0x40000b84
                0x0000000040000b88                r_ble_util_buf_set_rx_buf_size = 0x40000b88
                0x0000000040000b8c                r_ble_util_data_rx_buf_reset = 0x40000b8c
                0x0000000040000b90                r_bt_bb_get_intr_mask = 0x40000b90
                0x0000000040000b94                r_bt_bb_intr_clear = 0x40000b94
                0x0000000040000b98                r_bt_bb_intr_mask_set = 0x40000b98
                0x0000000040000ba0                r_bt_rf_coex_cfg_set = 0x40000ba0
                0x0000000040000ba4                r_bt_rf_coex_conn_dynamic_pti_en_get = 0x40000ba4
                0x0000000040000bac                r_bt_rf_coex_ext_adv_dynamic_pti_en_get = 0x40000bac
                0x0000000040000bb0                r_bt_rf_coex_ext_scan_dynamic_pti_en_get = 0x40000bb0
                0x0000000040000bb4                r_bt_rf_coex_legacy_adv_dynamic_pti_en_get = 0x40000bb4
                0x0000000040000bb8                r_bt_rf_coex_per_adv_dynamic_pti_en_get = 0x40000bb8
                0x0000000040000bbc                r_bt_rf_coex_pti_table_get = 0x40000bbc
                0x0000000040000bc0                r_bt_rf_coex_st_param_get = 0x40000bc0
                0x0000000040000bc4                r_bt_rf_coex_st_param_set = 0x40000bc4
                0x0000000040000bc8                r_bt_rf_coex_sync_scan_dynamic_pti_en_get = 0x40000bc8
                0x0000000040000bcc                r_bt_rma_apply_rule_cs_fmt = 0x40000bcc
                0x0000000040000bd0                r_bt_rma_apply_rule_cs_idx = 0x40000bd0
                0x0000000040000bd4                r_bt_rma_configure = 0x40000bd4
                0x0000000040000bd8                r_bt_rma_deregister_rule_cs_fmt = 0x40000bd8
                0x0000000040000bdc                r_bt_rma_deregister_rule_cs_idx = 0x40000bdc
                0x0000000040000be0                r_bt_rma_get_ant_by_act = 0x40000be0
                0x0000000040000be4                r_bt_rma_init = 0x40000be4
                0x0000000040000be8                r_bt_rma_register_rule_cs_fmt = 0x40000be8
                0x0000000040000bec                r_bt_rma_register_rule_cs_idx = 0x40000bec
                0x0000000040000bf0                r_bt_rtp_apply_rule_cs_fmt = 0x40000bf0
                0x0000000040000bf4                r_bt_rtp_apply_rule_cs_idx = 0x40000bf4
                0x0000000040000bf8                r_bt_rtp_deregister_rule_cs_fmt = 0x40000bf8
                0x0000000040000bfc                r_bt_rtp_deregister_rule_cs_idx = 0x40000bfc
                0x0000000040000c04                r_bt_rtp_init = 0x40000c04
                0x0000000040000c08                r_bt_rtp_register_rule_cs_fmt = 0x40000c08
                0x0000000040000c0c                r_bt_rtp_register_rule_cs_idx = 0x40000c0c
                0x0000000040000c10                r_btdm_isr = 0x40000c10
                0x0000000040000c20                r_cali_phase_match_p = 0x40000c20
                0x0000000040000c24                r_cmp_abs_time = 0x40000c24
                0x0000000040000c28                r_cmp_dest_id = 0x40000c28
                0x0000000040000c2c                r_cmp_timer_id = 0x40000c2c
                0x0000000040000c30                r_co_bdaddr_compare = 0x40000c30
                0x0000000040000c34                r_co_ble_pkt_dur_in_us = 0x40000c34
                0x0000000040000c38                r_co_list_extract = 0x40000c38
                0x0000000040000c3c                r_co_list_extract_after = 0x40000c3c
                0x0000000040000c40                r_co_list_extract_sublist = 0x40000c40
                0x0000000040000c44                r_co_list_find = 0x40000c44
                0x0000000040000c48                r_co_list_init = 0x40000c48
                0x0000000040000c4c                r_co_list_insert_after = 0x40000c4c
                0x0000000040000c50                r_co_list_insert_before = 0x40000c50
                0x0000000040000c54                r_co_list_merge = 0x40000c54
                0x0000000040000c58                r_co_list_pool_init = 0x40000c58
                0x0000000040000c5c                r_co_list_pop_front = 0x40000c5c
                0x0000000040000c60                r_co_list_push_back = 0x40000c60
                0x0000000040000c64                r_co_list_push_back_sublist = 0x40000c64
                0x0000000040000c68                r_co_list_push_front = 0x40000c68
                0x0000000040000c6c                r_co_list_size = 0x40000c6c
                0x0000000040000c70                r_co_nb_good_le_channels = 0x40000c70
                0x0000000040000c74                r_co_util_pack = 0x40000c74
                0x0000000040000c78                r_co_util_read_array_size = 0x40000c78
                0x0000000040000c7c                r_co_util_unpack = 0x40000c7c
                0x0000000040000c80                r_dbg_env_deinit = 0x40000c80
                0x0000000040000c84                r_dbg_env_init = 0x40000c84
                0x0000000040000c88                r_dbg_platform_reset_complete = 0x40000c88
                0x0000000040000c8c                r_dl_upd_proc_start = 0x40000c8c
                0x0000000040000c90                r_dump_data = 0x40000c90
                0x0000000040000c94                r_ecc_abort_key256_generation = 0x40000c94
                0x0000000040000c98                r_ecc_gen_new_public_key = 0x40000c98
                0x0000000040000c9c                r_ecc_gen_new_secret_key = 0x40000c9c
                0x0000000040000ca0                r_ecc_generate_key256 = 0x40000ca0
                0x0000000040000ca4                r_ecc_get_debug_Keys = 0x40000ca4
                0x0000000040000ca8                r_ecc_init = 0x40000ca8
                0x0000000040000cac                r_ecc_is_valid_point = 0x40000cac
                0x0000000040000cb0                r_ecc_multiplication_event_handler = 0x40000cb0
                0x0000000040000cb4                r_ecc_point_multiplication_win_256 = 0x40000cb4
                0x0000000040000cb8                r_emi_alloc_em_mapping_by_offset = 0x40000cb8
                0x0000000040000cbc                r_emi_base_reg_lut_show = 0x40000cbc
                0x0000000040000cc0                r_emi_em_base_reg_show = 0x40000cc0
                0x0000000040000cc4                r_emi_free_em_mapping_by_offset = 0x40000cc4
                0x0000000040000cc8                r_emi_get_em_mapping_idx_by_offset = 0x40000cc8
                0x0000000040000ccc                r_emi_get_mem_addr_by_offset = 0x40000ccc
                0x0000000040000cd0                r_emi_overwrite_em_mapping_by_offset = 0x40000cd0
                0x0000000040000cd4                r_esp_vendor_hci_command_handler = 0x40000cd4
                0x0000000040000cd8                r_get_stack_usage = 0x40000cd8
                0x0000000040000cdc                r_h4tl_acl_hdr_rx_evt_handler = 0x40000cdc
                0x0000000040000ce0                r_h4tl_cmd_hdr_rx_evt_handler = 0x40000ce0
                0x0000000040000ce4                r_h4tl_cmd_pld_rx_evt_handler = 0x40000ce4
                0x0000000040000ce8                r_h4tl_eif_io_event_post = 0x40000ce8
                0x0000000040000cec                r_h4tl_eif_register = 0x40000cec
                0x0000000040000cf0                r_h4tl_init = 0x40000cf0
                0x0000000040000cf4                r_h4tl_out_of_sync = 0x40000cf4
                0x0000000040000cf8                r_h4tl_out_of_sync_check = 0x40000cf8
                0x0000000040000cfc                r_h4tl_read_hdr = 0x40000cfc
                0x0000000040000d00                r_h4tl_read_next_out_of_sync = 0x40000d00
                0x0000000040000d04                r_h4tl_read_payl = 0x40000d04
                0x0000000040000d08                r_h4tl_read_start = 0x40000d08
                0x0000000040000d0c                r_h4tl_rx_acl_hdr_extract = 0x40000d0c
                0x0000000040000d10                r_h4tl_rx_cmd_hdr_extract = 0x40000d10
                0x0000000040000d14                r_h4tl_rx_done = 0x40000d14
                0x0000000040000d18                r_h4tl_start = 0x40000d18
                0x0000000040000d1c                r_h4tl_stop = 0x40000d1c
                0x0000000040000d20                r_h4tl_tx_done = 0x40000d20
                0x0000000040000d24                r_h4tl_tx_evt_handler = 0x40000d24
                0x0000000040000d28                r_h4tl_write = 0x40000d28
                0x0000000040000d2c                r_hci_acl_tx_data_alloc = 0x40000d2c
                0x0000000040000d30                r_hci_acl_tx_data_received = 0x40000d30
                0x0000000040000d34                r_hci_basic_cmd_send_2_controller = 0x40000d34
                0x0000000040000d38                r_hci_ble_adv_report_filter_check = 0x40000d38
                0x0000000040000d3c                r_hci_ble_adv_report_tx_check = 0x40000d3c
                0x0000000040000d40                r_hci_ble_conhdl_register = 0x40000d40
                0x0000000040000d44                r_hci_ble_conhdl_unregister = 0x40000d44
                0x0000000040000d48                r_hci_build_acl_data = 0x40000d48
                0x0000000040000d4c                r_hci_build_cc_evt = 0x40000d4c
                0x0000000040000d50                r_hci_build_cs_evt = 0x40000d50
                0x0000000040000d54                r_hci_build_evt = 0x40000d54
                0x0000000040000d58                r_hci_build_le_evt = 0x40000d58
                0x0000000040000d5c                r_hci_cmd_get_max_param_size = 0x40000d5c
                0x0000000040000d60                r_hci_cmd_received = 0x40000d60
                0x0000000040000d64                r_hci_cmd_reject = 0x40000d64
                0x0000000040000d68                r_hci_evt_mask_check = 0x40000d68
                0x0000000040000d6c                r_hci_evt_mask_set = 0x40000d6c
                0x0000000040000d70                r_hci_fc_acl_buf_size_set = 0x40000d70
                0x0000000040000d74                r_hci_fc_acl_en = 0x40000d74
                0x0000000040000d78                r_hci_fc_acl_packet_sent = 0x40000d78
                0x0000000040000d7c                r_hci_fc_check_host_available_nb_acl_packets = 0x40000d7c
                0x0000000040000d80                r_hci_fc_host_nb_acl_pkts_complete = 0x40000d80
                0x0000000040000d84                r_hci_fc_init = 0x40000d84
                0x0000000040000d88                r_hci_look_for_cmd_desc = 0x40000d88
                0x0000000040000d8c                r_hci_look_for_evt_desc = 0x40000d8c
                0x0000000040000d90                r_hci_look_for_le_evt_desc = 0x40000d90
                0x0000000040000d94                r_hci_look_for_le_evt_desc_esp = 0x40000d94
                0x0000000040000d98                r_hci_pack_bytes = 0x40000d98
                0x0000000040000da0                r_hci_send_2_controller = 0x40000da0
                0x0000000040000da4                r_hci_send_2_host = 0x40000da4
                0x0000000040000da8                r_hci_tl_c2h_data_flow_on = 0x40000da8
                0x0000000040000dac                r_hci_tl_cmd_hdr_rx_evt_handler = 0x40000dac
                0x0000000040000db0                r_hci_tl_cmd_pld_rx_evt_handler = 0x40000db0
                0x0000000040000db4                r_hci_tl_get_pkt = 0x40000db4
                0x0000000040000db8                r_hci_tl_hci_pkt_handler = 0x40000db8
                0x0000000040000dbc                r_hci_tl_hci_tx_done_evt_handler = 0x40000dbc
                0x0000000040000dc0                r_hci_tl_inc_nb_h2c_cmd_pkts = 0x40000dc0
                0x0000000040000dc4                r_hci_tl_save_pkt = 0x40000dc4
                0x0000000040000dc8                r_hci_tl_send = 0x40000dc8
                0x0000000040000dcc                r_hci_tx_done = 0x40000dcc
                0x0000000040000dd0                r_hci_tx_start = 0x40000dd0
                0x0000000040000dd4                r_hci_tx_trigger = 0x40000dd4
                0x0000000040000dd8                r_isValidSecretKey_256 = 0x40000dd8
                0x0000000040000ddc                r_ke_check_malloc = 0x40000ddc
                0x0000000040000de0                r_ke_event_callback_set = 0x40000de0
                0x0000000040000de4                r_ke_event_clear = 0x40000de4
                0x0000000040000de8                r_ke_event_flush = 0x40000de8
                0x0000000040000dec                r_ke_event_get = 0x40000dec
                0x0000000040000df0                r_ke_event_get_all = 0x40000df0
                0x0000000040000df4                r_ke_event_init = 0x40000df4
                0x0000000040000df8                r_ke_event_schedule = 0x40000df8
                0x0000000040000dfc                r_ke_event_set = 0x40000dfc
                0x0000000040000e00                r_ke_flush = 0x40000e00
                0x0000000040000e04                r_ke_free = 0x40000e04
                0x0000000040000e08                r_ke_handler_search = 0x40000e08
                0x0000000040000e0c                r_ke_init = 0x40000e0c
                0x0000000040000e10                r_ke_is_free = 0x40000e10
                0x0000000040000e14                r_ke_malloc = 0x40000e14
                0x0000000040000e18                r_ke_mem_init = 0x40000e18
                0x0000000040000e1c                r_ke_mem_is_empty = 0x40000e1c
                0x0000000040000e20                r_ke_mem_is_in_heap = 0x40000e20
                0x0000000040000e24                r_ke_msg_alloc = 0x40000e24
                0x0000000040000e28                r_ke_msg_dest_id_get = 0x40000e28
                0x0000000040000e2c                r_ke_msg_discard = 0x40000e2c
                0x0000000040000e30                r_ke_msg_forward = 0x40000e30
                0x0000000040000e34                r_ke_msg_forward_new_id = 0x40000e34
                0x0000000040000e38                r_ke_msg_free = 0x40000e38
                0x0000000040000e3c                r_ke_msg_in_queue = 0x40000e3c
                0x0000000040000e40                r_ke_msg_save = 0x40000e40
                0x0000000040000e44                r_ke_msg_send = 0x40000e44
                0x0000000040000e48                r_ke_msg_send_basic = 0x40000e48
                0x0000000040000e4c                r_ke_msg_src_id_get = 0x40000e4c
                0x0000000040000e50                r_ke_queue_extract = 0x40000e50
                0x0000000040000e54                r_ke_queue_insert = 0x40000e54
                0x0000000040000e58                r_ke_sleep_check = 0x40000e58
                0x0000000040000e5c                r_ke_state_get = 0x40000e5c
                0x0000000040000e60                r_ke_state_set = 0x40000e60
                0x0000000040000e64                r_ke_task_check = 0x40000e64
                0x0000000040000e68                r_ke_task_create = 0x40000e68
                0x0000000040000e6c                r_ke_task_delete = 0x40000e6c
                0x0000000040000e70                r_ke_task_handler_get = 0x40000e70
                0x0000000040000e74                r_ke_task_init = 0x40000e74
                0x0000000040000e78                r_ke_task_msg_flush = 0x40000e78
                0x0000000040000e7c                r_ke_task_saved_update = 0x40000e7c
                0x0000000040000e84                r_ke_time = 0x40000e84
                0x0000000040000e88                r_ke_time_cmp = 0x40000e88
                0x0000000040000e8c                r_ke_time_past = 0x40000e8c
                0x0000000040000e90                r_ke_timer_active = 0x40000e90
                0x0000000040000e94                r_ke_timer_adjust_all = 0x40000e94
                0x0000000040000e98                r_ke_timer_clear = 0x40000e98
                0x0000000040000e9c                r_ke_timer_init = 0x40000e9c
                0x0000000040000ea0                r_ke_timer_schedule = 0x40000ea0
                0x0000000040000ea4                r_ke_timer_set = 0x40000ea4
                0x0000000040000ea8                r_led_init = 0x40000ea8
                0x0000000040000eac                r_led_set_all = 0x40000eac
                0x0000000040000eb0                r_llc_aes_res_cb = 0x40000eb0
                0x0000000040000eb4                r_llc_ch_map_up_proc_err_cb = 0x40000eb4
                0x0000000040000eb8                r_llc_cleanup = 0x40000eb8
                0x0000000040000ebc                r_llc_cmd_cmp_send = 0x40000ebc
                0x0000000040000ec0                r_llc_cmd_stat_send = 0x40000ec0
                0x0000000040000ec4                r_llc_con_move_cbk = 0x40000ec4
                0x0000000040000ec8                r_llc_con_plan_set_update = 0x40000ec8
                0x0000000040000ecc                r_llc_con_upd_param_in_range = 0x40000ecc
                0x0000000040000ed0                r_llc_disconnect = 0x40000ed0
                0x0000000040000ed4                r_llc_disconnect_end = 0x40000ed4
                0x0000000040000ed8                r_llc_disconnect_proc_continue = 0x40000ed8
                0x0000000040000edc                r_llc_disconnect_proc_err_cb = 0x40000edc
                0x0000000040000ee0                r_llc_dl_chg_check = 0x40000ee0
                0x0000000040000ee4                r_llc_dle_proc_err_cb = 0x40000ee4
                0x0000000040000ee8                r_llc_feats_exch_proc_err_cb = 0x40000ee8
                0x0000000040000eec                r_llc_hci_cmd_handler_tab_p_get = 0x40000eec
                0x0000000040000ef4                r_llc_hci_con_param_req_evt_send = 0x40000ef4
                0x0000000040000ef8                r_llc_hci_con_upd_info_send = 0x40000ef8
                0x0000000040000efc                r_llc_hci_disconnected_dis = 0x40000efc
                0x0000000040000f00                r_llc_hci_dl_upd_info_send = 0x40000f00
                0x0000000040000f04                r_llc_hci_enc_evt_send = 0x40000f04
                0x0000000040000f08                r_llc_hci_feats_info_send = 0x40000f08
                0x0000000040000f0c                r_llc_hci_le_phy_upd_cmp_evt_send = 0x40000f0c
                0x0000000040000f10                r_llc_hci_ltk_request_evt_send = 0x40000f10
                0x0000000040000f14                r_llc_hci_nb_cmp_pkts_evt_send = 0x40000f14
                0x0000000040000f18                r_llc_hci_version_info_send = 0x40000f18
                0x0000000040000f1c                r_llc_init_term_proc = 0x40000f1c
                0x0000000040000f20                r_llc_iv_skd_rand_gen = 0x40000f20
                0x0000000040000f24                r_llc_le_ping_proc_continue = 0x40000f24
                0x0000000040000f28                r_llc_le_ping_proc_err_cb = 0x40000f28
                0x0000000040000f2c                r_llc_le_ping_restart = 0x40000f2c
                0x0000000040000f30                r_llc_le_ping_set = 0x40000f30
                0x0000000040000f34                r_llc_ll_pause_enc_rsp_ack_handler = 0x40000f34
                0x0000000040000f38                r_llc_ll_reject_ind_ack_handler = 0x40000f38
                0x0000000040000f3c                r_llc_ll_reject_ind_pdu_send = 0x40000f3c
                0x0000000040000f40                r_llc_ll_start_enc_rsp_ack_handler = 0x40000f40
                0x0000000040000f44                r_llc_ll_terminate_ind_ack = 0x40000f44
                0x0000000040000f48                r_llc_ll_unknown_ind_handler = 0x40000f48
                0x0000000040000f4c                r_llc_llcp_send = 0x40000f4c
                0x0000000040000f50                r_llc_llcp_state_set = 0x40000f50
                0x0000000040000f54                r_llc_llcp_trans_timer_set = 0x40000f54
                0x0000000040000f58                r_llc_llcp_tx_check = 0x40000f58
                0x0000000040000f5c                r_llc_loc_ch_map_proc_continue = 0x40000f5c
                0x0000000040000f64                r_llc_loc_con_upd_proc_err_cb = 0x40000f64
                0x0000000040000f68                r_llc_loc_dl_upd_proc_continue = 0x40000f68
                0x0000000040000f6c                r_llc_loc_encrypt_proc_continue = 0x40000f6c
                0x0000000040000f70                r_llc_loc_encrypt_proc_err_cb = 0x40000f70
                0x0000000040000f74                r_llc_loc_feats_exch_proc_continue = 0x40000f74
                0x0000000040000f7c                r_llc_loc_phy_upd_proc_err_cb = 0x40000f7c
                0x0000000040000f80                r_llc_msg_handler_tab_p_get = 0x40000f80
                0x0000000040000f84                r_llc_pref_param_compute = 0x40000f84
                0x0000000040000f88                r_llc_proc_collision_check = 0x40000f88
                0x0000000040000f8c                r_llc_proc_err_ind = 0x40000f8c
                0x0000000040000f90                r_llc_proc_get = 0x40000f90
                0x0000000040000f94                r_llc_proc_id_get = 0x40000f94
                0x0000000040000f98                r_llc_proc_reg = 0x40000f98
                0x0000000040000f9c                r_llc_proc_state_get = 0x40000f9c
                0x0000000040000fa0                r_llc_proc_state_set = 0x40000fa0
                0x0000000040000fa4                r_llc_proc_timer_pause_set = 0x40000fa4
                0x0000000040000fa8                r_llc_proc_timer_set = 0x40000fa8
                0x0000000040000fac                r_llc_proc_unreg = 0x40000fac
                0x0000000040000fb0                r_llc_rem_ch_map_proc_continue = 0x40000fb0
                0x0000000040000fb8                r_llc_rem_con_upd_proc_err_cb = 0x40000fb8
                0x0000000040000fbc                r_llc_rem_dl_upd_proc = 0x40000fbc
                0x0000000040000fc0                r_llc_rem_encrypt_proc_continue = 0x40000fc0
                0x0000000040000fc4                r_llc_rem_encrypt_proc_err_cb = 0x40000fc4
                0x0000000040000fc8                r_llc_rem_phy_upd_proc_continue = 0x40000fc8
                0x0000000040000fcc                r_llc_rem_phy_upd_proc_err_cb = 0x40000fcc
                0x0000000040000fd0                r_llc_role_get = 0x40000fd0
                0x0000000040000fd4                r_llc_sk_gen = 0x40000fd4
                0x0000000040000fd8                r_llc_start = 0x40000fd8
                0x0000000040000fdc                r_llc_stop = 0x40000fdc
                0x0000000040000fe0                r_llc_ver_exch_loc_proc_continue = 0x40000fe0
                0x0000000040000fe4                r_llc_ver_proc_err_cb = 0x40000fe4
                0x0000000040000fe8                r_llcp_pdu_handler_tab_p_get = 0x40000fe8
                0x0000000040000fec                r_lld_aa_gen = 0x40000fec
                0x0000000040000ff0                r_lld_adv_adv_data_set = 0x40000ff0
                0x0000000040000ff4                r_lld_adv_adv_data_update = 0x40000ff4
                0x0000000040000ff8                r_lld_adv_aux_ch_idx_set = 0x40000ff8
                0x0000000040000ffc                r_lld_adv_aux_evt_canceled_cbk = 0x40000ffc
                0x0000000040001000                r_lld_adv_aux_evt_start_cbk = 0x40001000
                0x0000000040001004                r_lld_adv_coex_check_ext_adv_synced = 0x40001004
                0x0000000040001008                r_lld_adv_coex_env_reset = 0x40001008
                0x000000004000100c                r_lld_adv_duration_update = 0x4000100c
                0x0000000040001010                r_lld_adv_dynamic_pti_process = 0x40001010
                0x0000000040001014                r_lld_adv_end = 0x40001014
                0x0000000040001018                r_lld_adv_evt_canceled_cbk = 0x40001018
                0x000000004000101c                r_lld_adv_evt_start_cbk = 0x4000101c
                0x0000000040001020                r_lld_adv_ext_chain_construct = 0x40001020
                0x0000000040001024                r_lld_adv_ext_pkt_prepare = 0x40001024
                0x0000000040001028                r_lld_adv_frm_cbk = 0x40001028
                0x000000004000102c                r_lld_adv_frm_isr = 0x4000102c
                0x0000000040001030                r_lld_adv_frm_skip_isr = 0x40001030
                0x0000000040001034                r_lld_adv_init = 0x40001034
                0x0000000040001038                r_lld_adv_pkt_rx = 0x40001038
                0x000000004000103c                r_lld_adv_pkt_rx_connect_ind = 0x4000103c
                0x0000000040001040                r_lld_adv_pkt_rx_send_scan_req_evt = 0x40001040
                0x0000000040001044                r_lld_adv_rand_addr_update = 0x40001044
                0x0000000040001048                r_lld_adv_restart = 0x40001048
                0x000000004000104c                r_lld_adv_scan_rsp_data_set = 0x4000104c
                0x0000000040001050                r_lld_adv_scan_rsp_data_update = 0x40001050
                0x0000000040001054                r_lld_adv_set_tx_power = 0x40001054
                0x0000000040001058                r_lld_adv_start = 0x40001058
                0x000000004000105c                r_lld_adv_stop = 0x4000105c
                0x0000000040001060                r_lld_adv_sync_info_set = 0x40001060
                0x0000000040001064                r_lld_adv_sync_info_update = 0x40001064
                0x0000000040001068                r_lld_calc_aux_rx = 0x40001068
                0x000000004000106c                r_lld_cca_alloc = 0x4000106c
                0x0000000040001070                r_lld_cca_data_reset = 0x40001070
                0x0000000040001074                r_lld_cca_free = 0x40001074
                0x0000000040001078                r_lld_ch_assess_data_get = 0x40001078
                0x000000004000107c                r_lld_ch_idx_get = 0x4000107c
                0x0000000040001080                r_lld_ch_map_set = 0x40001080
                0x0000000040001084                r_lld_channel_assess = 0x40001084
                0x0000000040001088                r_lld_con_activity_act_offset_compute = 0x40001088
                0x000000004000108c                r_lld_con_activity_offset_compute = 0x4000108c
                0x0000000040001090                r_lld_con_ch_map_update = 0x40001090
                0x0000000040001094                r_lld_con_cleanup = 0x40001094
                0x0000000040001098                r_lld_con_current_tx_power_get = 0x40001098
                0x000000004000109c                r_lld_con_data_flow_set = 0x4000109c
                0x00000000400010a0                r_lld_con_data_len_update = 0x400010a0
                0x00000000400010a4                r_lld_con_data_tx = 0x400010a4
                0x00000000400010a8                r_lld_con_enc_key_load = 0x400010a8
                0x00000000400010ac                r_lld_con_event_counter_get = 0x400010ac
                0x00000000400010b0                r_lld_con_evt_canceled_cbk = 0x400010b0
                0x00000000400010b4                r_lld_con_evt_duration_min_get = 0x400010b4
                0x00000000400010b8                r_lld_con_evt_max_eff_time_cal = 0x400010b8
                0x00000000400010bc                r_lld_con_evt_sd_evt_time_get = 0x400010bc
                0x00000000400010c0                r_lld_con_evt_start_cbk = 0x400010c0
                0x00000000400010c4                r_lld_con_evt_time_update = 0x400010c4
                0x00000000400010c8                r_lld_con_free_all_tx_buf = 0x400010c8
                0x00000000400010cc                r_lld_con_frm_cbk = 0x400010cc
                0x00000000400010d0                r_lld_con_frm_isr = 0x400010d0
                0x00000000400010d4                r_lld_con_frm_skip_isr = 0x400010d4
                0x00000000400010d8                r_lld_con_init = 0x400010d8
                0x00000000400010dc                r_lld_con_llcp_tx = 0x400010dc
                0x00000000400010e0                r_lld_con_max_lat_calc = 0x400010e0
                0x00000000400010e4                r_lld_con_offset_get = 0x400010e4
                0x00000000400010e8                r_lld_con_param_update = 0x400010e8
                0x00000000400010ec                r_lld_con_phys_update = 0x400010ec
                0x00000000400010f0                r_lld_con_pref_slave_evt_dur_set = 0x400010f0
                0x00000000400010f4                r_lld_con_pref_slave_latency_set = 0x400010f4
                0x00000000400010f8                r_lld_con_rssi_get = 0x400010f8
                0x00000000400010fc                r_lld_con_rx = 0x400010fc
                0x0000000040001100                r_lld_con_rx_channel_assess = 0x40001100
                0x0000000040001104                r_lld_con_rx_enc = 0x40001104
                0x0000000040001108                r_lld_con_rx_isr = 0x40001108
                0x000000004000110c                r_lld_con_rx_link_info_check = 0x4000110c
                0x0000000040001110                r_lld_con_rx_llcp_check = 0x40001110
                0x0000000040001114                r_lld_con_rx_sync_time_update = 0x40001114
                0x000000004000111c                r_lld_con_set_tx_power = 0x4000111c
                0x0000000040001120                r_lld_con_start = 0x40001120
                0x0000000040001128                r_lld_con_tx = 0x40001128
                0x000000004000112c                r_lld_con_tx_enc = 0x4000112c
                0x0000000040001130                r_lld_con_tx_isr = 0x40001130
                0x0000000040001134                r_lld_con_tx_len_update = 0x40001134
                0x0000000040001138                r_lld_con_tx_len_update_for_intv = 0x40001138
                0x000000004000113c                r_lld_con_tx_len_update_for_rate = 0x4000113c
                0x0000000040001140                r_lld_con_tx_prog = 0x40001140
                0x0000000040001144                r_lld_conn_dynamic_pti_process = 0x40001144
                0x0000000040001148                r_lld_continue_scan_rx_isr_end_process = 0x40001148
                0x000000004000114c                r_lld_ext_scan_dynamic_pti_process = 0x4000114c
                0x0000000040001150                r_lld_hw_cca_end_isr = 0x40001150
                0x0000000040001154                r_lld_hw_cca_evt_handler = 0x40001154
                0x0000000040001158                r_lld_hw_cca_isr = 0x40001158
                0x000000004000115c                r_lld_init_cal_anchor_point = 0x4000115c
                0x0000000040001160                r_lld_init_compute_winoffset = 0x40001160
                0x0000000040001164                r_lld_init_connect_req_pack = 0x40001164
                0x0000000040001168                r_lld_init_end = 0x40001168
                0x000000004000116c                r_lld_init_evt_canceled_cbk = 0x4000116c
                0x0000000040001170                r_lld_init_evt_start_cbk = 0x40001170
                0x0000000040001174                r_lld_init_frm_cbk = 0x40001174
                0x0000000040001178                r_lld_init_frm_eof_isr = 0x40001178
                0x000000004000117c                r_lld_init_frm_skip_isr = 0x4000117c
                0x0000000040001180                r_lld_init_init = 0x40001180
                0x0000000040001184                r_lld_init_process_pkt_rx = 0x40001184
                0x0000000040001188                r_lld_init_process_pkt_rx_adv_ext_ind = 0x40001188
                0x000000004000118c                r_lld_init_process_pkt_rx_adv_ind_or_direct_ind = 0x4000118c
                0x0000000040001190                r_lld_init_process_pkt_rx_aux_connect_rsp = 0x40001190
                0x0000000040001194                r_lld_init_process_pkt_tx = 0x40001194
                0x0000000040001198                r_lld_init_process_pkt_tx_cal_con_timestamp = 0x40001198
                0x000000004000119c                r_lld_init_sched = 0x4000119c
                0x00000000400011a0                r_lld_init_set_tx_power = 0x400011a0
                0x00000000400011a4                r_lld_init_start = 0x400011a4
                0x00000000400011a8                r_lld_init_stop = 0x400011a8
                0x00000000400011ac                r_lld_instant_proc_end = 0x400011ac
                0x00000000400011b4                r_lld_per_adv_ch_map_update = 0x400011b4
                0x00000000400011b8                r_lld_per_adv_chain_construct = 0x400011b8
                0x00000000400011bc                r_lld_per_adv_cleanup = 0x400011bc
                0x00000000400011c0                r_lld_per_adv_coex_env_reset = 0x400011c0
                0x00000000400011c4                r_lld_per_adv_data_set = 0x400011c4
                0x00000000400011c8                r_lld_per_adv_data_update = 0x400011c8
                0x00000000400011cc                r_lld_per_adv_dynamic_pti_process = 0x400011cc
                0x00000000400011d0                r_lld_per_adv_evt_canceled_cbk = 0x400011d0
                0x00000000400011d4                r_lld_per_adv_evt_start_cbk = 0x400011d4
                0x00000000400011d8                r_lld_per_adv_ext_pkt_prepare = 0x400011d8
                0x00000000400011dc                r_lld_per_adv_frm_cbk = 0x400011dc
                0x00000000400011e0                r_lld_per_adv_frm_isr = 0x400011e0
                0x00000000400011e4                r_lld_per_adv_frm_skip_isr = 0x400011e4
                0x00000000400011e8                r_lld_per_adv_init = 0x400011e8
                0x00000000400011ec                r_lld_per_adv_init_info_get = 0x400011ec
                0x00000000400011f0                r_lld_per_adv_list_add = 0x400011f0
                0x00000000400011f4                r_lld_per_adv_list_rem = 0x400011f4
                0x00000000400011fc                r_lld_per_adv_set_tx_power = 0x400011fc
                0x0000000040001200                r_lld_per_adv_start = 0x40001200
                0x0000000040001204                r_lld_per_adv_stop = 0x40001204
                0x0000000040001208                r_lld_per_adv_sync_info_get = 0x40001208
                0x000000004000120c                r_lld_process_cca_data = 0x4000120c
                0x0000000040001210                r_lld_ral_search = 0x40001210
                0x0000000040001214                r_lld_read_clock = 0x40001214
                0x0000000040001218                r_lld_res_list_add = 0x40001218
                0x0000000040001220                r_lld_res_list_is_empty = 0x40001220
                0x0000000040001224                r_lld_res_list_local_rpa_get = 0x40001224
                0x0000000040001228                r_lld_res_list_peer_rpa_get = 0x40001228
                0x000000004000122c                r_lld_res_list_peer_update = 0x4000122c
                0x0000000040001230                r_lld_res_list_priv_mode_update = 0x40001230
                0x0000000040001238                r_lld_reset_reg = 0x40001238
                0x000000004000123c                r_lld_rpa_renew = 0x4000123c
                0x0000000040001240                r_lld_rpa_renew_evt_canceled_cbk = 0x40001240
                0x0000000040001244                r_lld_rpa_renew_evt_start_cbk = 0x40001244
                0x0000000040001248                r_lld_rpa_renew_instant_cbk = 0x40001248
                0x000000004000124c                r_lld_rxdesc_check = 0x4000124c
                0x0000000040001250                r_lld_rxdesc_free = 0x40001250
                0x0000000040001254                r_lld_scan_create_sync = 0x40001254
                0x0000000040001258                r_lld_scan_create_sync_cancel = 0x40001258
                0x000000004000125c                r_lld_scan_end = 0x4000125c
                0x0000000040001260                r_lld_scan_evt_canceled_cbk = 0x40001260
                0x0000000040001264                r_lld_scan_evt_start_cbk = 0x40001264
                0x0000000040001268                r_lld_scan_frm_cbk = 0x40001268
                0x000000004000126c                r_lld_scan_frm_eof_isr = 0x4000126c
                0x0000000040001270                r_lld_scan_frm_rx_isr = 0x40001270
                0x0000000040001274                r_lld_scan_frm_skip_isr = 0x40001274
                0x0000000040001278                r_lld_scan_init = 0x40001278
                0x000000004000127c                r_lld_scan_params_update = 0x4000127c
                0x0000000040001288                r_lld_scan_process_pkt_rx_aux_adv_ind = 0x40001288
                0x000000004000128c                r_lld_scan_process_pkt_rx_aux_chain_ind = 0x4000128c
                0x0000000040001290                r_lld_scan_process_pkt_rx_aux_scan_rsp = 0x40001290
                0x0000000040001294                r_lld_scan_process_pkt_rx_ext_adv = 0x40001294
                0x0000000040001298                r_lld_scan_process_pkt_rx_ext_adv_ind = 0x40001298
                0x000000004000129c                r_lld_scan_process_pkt_rx_legacy_adv = 0x4000129c
                0x00000000400012a0                r_lld_scan_restart = 0x400012a0
                0x00000000400012a4                r_lld_scan_sched = 0x400012a4
                0x00000000400012a8                r_lld_scan_set_tx_power = 0x400012a8
                0x00000000400012ac                r_lld_scan_start = 0x400012ac
                0x00000000400012b0                r_lld_scan_stop = 0x400012b0
                0x00000000400012b4                r_lld_scan_sync_accept = 0x400012b4
                0x00000000400012b8                r_lld_scan_sync_info_unpack = 0x400012b8
                0x00000000400012bc                r_lld_scan_trunc_ind = 0x400012bc
                0x00000000400012c0                r_lld_sw_cca_evt_handler = 0x400012c0
                0x00000000400012c4                r_lld_sw_cca_isr = 0x400012c4
                0x00000000400012c8                r_lld_sync_ch_map_update = 0x400012c8
                0x00000000400012cc                r_lld_sync_cleanup = 0x400012cc
                0x00000000400012d0                r_lld_sync_evt_canceled_cbk = 0x400012d0
                0x00000000400012d4                r_lld_sync_evt_start_cbk = 0x400012d4
                0x00000000400012d8                r_lld_sync_frm_cbk = 0x400012d8
                0x00000000400012dc                r_lld_sync_frm_eof_isr = 0x400012dc
                0x00000000400012e0                r_lld_sync_frm_rx_isr = 0x400012e0
                0x00000000400012e4                r_lld_sync_frm_skip_isr = 0x400012e4
                0x00000000400012e8                r_lld_sync_init = 0x400012e8